Loaded Keys: [
  'VITE_FIREBASE_API_KEY',
  'VITE_FIREBASE_AUTH_DOMAIN',
  'VITE_FIREBASE_PROJECT_ID',
  'VITE_FIREBASE_STORAGE_BUCKET',
  'VITE_FIREBASE_MESSAGING_SENDER_ID',
  'VITE_FIREBASE_APP_ID',
  'VITE_FIREBASE_MEASUREMENT_ID',
  'VITE_R2_ACCOUNT_ID',
  'VITE_R2_ENDPOINT',
  'VITE_R2_ACCESS_KEY_ID',
  'VITE_R2_SECRET_ACCESS_KEY',
  'VITE_R2_BUCKET_NAME',
  'VITE_R2_PUBLIC_URL',
  'VITE_WORKER_URL'
]
=== API KEY VERIFICATION ===
Firebase: Firebase API Key is Valid (or returned expected auth error).
R2: R2 API Keys are Valid (Bucket access successful).
Worker: Worker URL is reachable (Status: 404).
